-- Found ament_cmake: 1.3.8 (/opt/ros/humble/share/ament_cmake/cmake)
-- Found ament_lint_auto: 0.12.10 (/opt/ros/humble/share/ament_lint_auto/cmake)
Error parsing '/home/minha/myagv_ros2/myagv_ros2/src/myagv_cartographer/package.xml':
Traceback (most recent call last):
  File "/home/minha/anaconda3/envs/adaface/lib/python3.9/site-packages/catkin_pkg/package.py", line 610, in parse_package_string
    root = dom.parseString(data)
  File "/home/minha/anaconda3/envs/adaface/lib/python3.9/xml/dom/minidom.py", line 1998, in parseString
    return expatbuilder.parseString(string)
  File "/home/minha/anaconda3/envs/adaface/lib/python3.9/xml/dom/expatbuilder.py", line 925, in parseString
    return builder.parseString(string)
  File "/home/minha/anaconda3/envs/adaface/lib/python3.9/xml/dom/expatbuilder.py", line 223, in parseString
    parser.Parse(string, True)
xml.parsers.expat.ExpatError: mismatched tag: line 12, column 33

During handling of the above exception, another exception occurred:

Traceback (most recent call last):
  File "/opt/ros/humble/share/ament_cmake_core/cmake/core/package_xml_2_cmake.py", line 150, in <module>
    main()
  File "/opt/ros/humble/share/ament_cmake_core/cmake/core/package_xml_2_cmake.py", line 53, in main
    raise e
  File "/opt/ros/humble/share/ament_cmake_core/cmake/core/package_xml_2_cmake.py", line 49, in main
    package = parse_package_string(
  File "/home/minha/anaconda3/envs/adaface/lib/python3.9/site-packages/catkin_pkg/package.py", line 612, in parse_package_string
    raise InvalidPackage('The manifest contains invalid XML:\n%s' % ex, filename)
catkin_pkg.package.InvalidPackage: Error(s) in package '/home/minha/myagv_ros2/myagv_ros2/src/myagv_cartographer/package.xml':
The manifest contains invalid XML:
mismatched tag: line 12, column 33
[31mCMake Error at /opt/ros/humble/share/ament_cmake_core/cmake/core/ament_package_xml.cmake:95 (message):
  execute_process(/home/minha/anaconda3/envs/adaface/bin/python3
  /opt/ros/humble/share/ament_cmake_core/cmake/core/package_xml_2_cmake.py
  /home/minha/myagv_ros2/myagv_ros2/src/myagv_cartographer/package.xml
  /home/minha/myagv_ros2/myagv_ros2/build/myagv_cartographer/ament_cmake_core/package.cmake)
  returned error code 1
Call Stack (most recent call first):
  /opt/ros/humble/share/ament_cmake_core/cmake/core/ament_package_xml.cmake:49 (_ament_package_xml)
  /opt/ros/humble/share/ament_lint_auto/cmake/ament_lint_auto_find_test_dependencies.cmake:31 (ament_package_xml)
  CMakeLists.txt:26 (ament_lint_auto_find_test_dependencies)

[0m
-- Configuring incomplete, errors occurred!
